[templates.envytheme.com/traip/default/index.html]
[backblue.gif]
[fade.gif]
[index.html]
[templates.envytheme.com/traip/default/assets/images/favicon.png]
[templates.envytheme.com/traip/default/assets/css/bootstrap.min.css]
[templates.envytheme.com/traip/default/assets/css/animate.min.css]
[templates.envytheme.com/traip/default/assets/css/owl.carousel.min.css]
[templates.envytheme.com/traip/default/assets/css/owl.theme.default.min.css]
[templates.envytheme.com/traip/default/assets/css/meanmenu.min.css]
[templates.envytheme.com/traip/default/assets/css/jquery-ui.min.css]
[templates.envytheme.com/traip/default/assets/css/selectize.min.css]
[templates.envytheme.com/traip/default/assets/css/magnific-popup.min.css]
[templates.envytheme.com/traip/default/assets/css/icofont.min.css]
[templates.envytheme.com/traip/default/assets/css/flaticon.css]
[templates.envytheme.com/traip/default/assets/css/style.css]
[templates.envytheme.com/traip/default/assets/css/responsive.css]
[templates.envytheme.com/traip/default/assets/images/uk.png]
[templates.envytheme.com/traip/default/assets/images/china.png]
[templates.envytheme.com/traip/default/assets/images/uae.png]
[templates.envytheme.com/traip/default/assets/images/logo.png]
[templates.envytheme.com/traip/default/assets/images/logo-default-color.png]
[templates.envytheme.com/traip/default/authentication.html]
[templates.envytheme.com/traip/default/cart.html]
[templates.envytheme.com/traip/default/index-2.html]
[templates.envytheme.com/traip/default/index-3.html]
[templates.envytheme.com/traip/default/about-us.html]
[templates.envytheme.com/traip/default/faqs.html]
[templates.envytheme.com/traip/default/get-in-touch.html]
[templates.envytheme.com/traip/default/products.html]
[templates.envytheme.com/traip/default/single-product.html]
[templates.envytheme.com/traip/default/checkout.html]
[templates.envytheme.com/traip/default/wishlist.html]
[templates.envytheme.com/traip/default/hotels.html]
[templates.envytheme.com/traip/default/single-hotel.html]
[templates.envytheme.com/traip/default/team.html]
[templates.envytheme.com/traip/default/who-we-are.html]
[templates.envytheme.com/traip/default/forget-password.html]
[templates.envytheme.com/traip/default/my-account.html]
[templates.envytheme.com/traip/default/my-orders.html]
[templates.envytheme.com/traip/default/my-addresses.html]
[templates.envytheme.com/traip/default/404.html]
[templates.envytheme.com/traip/default/coming-soon-page.html]
[templates.envytheme.com/traip/default/terms-conditions.html]
[templates.envytheme.com/traip/default/privacy-policy.html]
[templates.envytheme.com/traip/default/search-page.html]
[templates.envytheme.com/traip/default/destination.html]
[templates.envytheme.com/traip/default/single-destination.html]
[templates.envytheme.com/traip/default/tour.html]
[templates.envytheme.com/traip/default/single-tour.html]
[templates.envytheme.com/traip/default/blogs-two-column.html]
[templates.envytheme.com/traip/default/blogs-full.html]
[templates.envytheme.com/traip/default/single-blog.html]
[templates.envytheme.com/traip/default/contact.html]
[templates.envytheme.com/traip/default/assets/images/shapes/map-1.png]
[templates.envytheme.com/traip/default/assets/images/shapes/map-2.png]
[templates.envytheme.com/traip/default/assets/images/holiday/holiday-place-1.jpg]
[templates.envytheme.com/traip/default/assets/images/holiday/holiday-place-2.jpg]
[templates.envytheme.com/traip/default/assets/images/holiday/holiday-place-3.jpg]
[templates.envytheme.com/traip/default/assets/images/holiday/holiday-place-4.jpg]
[templates.envytheme.com/traip/default/assets/images/holiday/holiday-place-5.jpg]
[templates.envytheme.com/traip/default/assets/images/holiday/holiday-place-6.jpg]
[templates.envytheme.com/traip/default/assets/images/holiday/holiday-place-7.jpg]
[templates.envytheme.com/traip/default/assets/images/holiday/holiday-place-8.jpg]
[templates.envytheme.com/traip/default/assets/images/shapes/compass.png]
[templates.envytheme.com/traip/default/assets/images/tour-about.png]
[templates.envytheme.com/traip/default/assets/images/popular-package/popular-package-1.jpg]
[templates.envytheme.com/traip/default/assets/images/popular-package/popular-package-2.jpg]
[templates.envytheme.com/traip/default/assets/images/popular-package/popular-package-3.jpg]
[templates.envytheme.com/traip/default/assets/images/popular-package/popular-package-4.jpg]
[templates.envytheme.com/traip/default/assets/images/popular-package/popular-package-5.jpg]
[templates.envytheme.com/traip/default/assets/images/popular-package/popular-package-6.jpg]
[templates.envytheme.com/traip/default/assets/images/clients/client-1.jpg]
[templates.envytheme.com/traip/default/assets/images/clients/client-2.jpg]
[templates.envytheme.com/traip/default/assets/images/clients/client-3.jpg]
[templates.envytheme.com/traip/default/assets/images/clients/client-4.jpg]
[templates.envytheme.com/traip/default/assets/images/partners/partner-1.png]
[templates.envytheme.com/traip/default/assets/images/partners/partner-hover-1.png]
[templates.envytheme.com/traip/default/assets/images/partners/partner-2.png]
[templates.envytheme.com/traip/default/assets/images/partners/partner-hover-2.png]
[templates.envytheme.com/traip/default/assets/images/partners/partner-3.png]
[templates.envytheme.com/traip/default/assets/images/partners/partner-hover-3.png]
[templates.envytheme.com/traip/default/assets/images/partners/partner-4.png]
[templates.envytheme.com/traip/default/assets/images/partners/partner-hover-4.png]
[templates.envytheme.com/traip/default/assets/images/partners/partner-5.png]
[templates.envytheme.com/traip/default/assets/images/partners/partner-hover-5.png]
[templates.envytheme.com/traip/default/assets/images/partners/partner-6.png]
[templates.envytheme.com/traip/default/assets/images/partners/partner-hover-6.png]
[templates.envytheme.com/traip/default/assets/images/partners/partner-7.png]
[templates.envytheme.com/traip/default/assets/images/partners/partner-hover-7.png]
[templates.envytheme.com/traip/default/assets/images/partners/partner-8.png]
[templates.envytheme.com/traip/default/assets/images/partners/partner-hover-8.png]
[templates.envytheme.com/traip/default/assets/images/shapes/mini-shape-1.png]
[templates.envytheme.com/traip/default/assets/images/download.png]
[templates.envytheme.com/traip/default/assets/images/shapes/map-3.png]
[templates.envytheme.com/traip/default/assets/images/products/product-1.jpg]
[templates.envytheme.com/traip/default/assets/images/products/product-2.jpg]
[templates.envytheme.com/traip/default/assets/images/products/product-3.jpg]
[templates.envytheme.com/traip/default/assets/images/products/product-4.jpg]
[templates.envytheme.com/traip/default/assets/images/shapes/mini-shape-2.png]
[templates.envytheme.com/traip/default/assets/images/logo-black.png]
[templates.envytheme.com/traip/default/assets/images/instafeed/instafeed-1.jpg]
[templates.envytheme.com/traip/default/assets/images/instafeed/instafeed-2.jpg]
[templates.envytheme.com/traip/default/assets/images/instafeed/instafeed-3.jpg]
[templates.envytheme.com/traip/default/assets/images/instafeed/instafeed-4.jpg]
[templates.envytheme.com/traip/default/assets/images/instafeed/instafeed-5.jpg]
[templates.envytheme.com/traip/default/assets/images/instafeed/instafeed-6.jpg]
[templates.envytheme.com/cdn-cgi/scripts/5c5dd728/cloudflare-static/email-decode.min.js]
[templates.envytheme.com/traip/default/assets/js/jquery-3.6.0.min.js]
[templates.envytheme.com/traip/default/assets/js/bootstrap.bundle.min.js]
[templates.envytheme.com/traip/default/assets/js/jquery-ui.js]
[templates.envytheme.com/traip/default/assets/js/selectize.min.js]
[templates.envytheme.com/traip/default/assets/js/jquery.magnific-popup.min.js]
[templates.envytheme.com/traip/default/assets/js/owl.carousel.min.js]
[templates.envytheme.com/traip/default/assets/js/jquery.ajaxchimp.min.js]
[templates.envytheme.com/traip/default/assets/js/form-validator.min.js]
[templates.envytheme.com/traip/default/assets/js/contact-form-script.js]
[templates.envytheme.com/traip/default/assets/js/jquery.meanmenu.min.js]
[templates.envytheme.com/traip/default/index.html]
[templates.envytheme.com/traip/default/assets/css/bootstrap.min.css]
[templates.envytheme.com/traip/default/assets/css/animate.min.css]
[templates.envytheme.com/traip/default/assets/js/script.js]
[templates.envytheme.com/traip/default/assets/css/owl.video.play.png]
[templates.envytheme.com/traip/default/assets/css/owl.carousel.min.css]
[templates.envytheme.com/traip/default/assets/css/owl.theme.default.min.css]
[templates.envytheme.com/traip/default/assets/css/meanmenu.min.css]
[templates.envytheme.com/traip/default/assets/css/images/ui-icons_444444_256x240.png]
[templates.envytheme.com/traip/default/assets/css/images/ui-icons_555555_256x240.png]
[templates.envytheme.com/traip/default/assets/css/images/ui-icons_ffffff_256x240.png]
[templates.envytheme.com/traip/default/assets/css/images/ui-icons_777620_256x240.png]
[templates.envytheme.com/traip/default/assets/css/images/ui-icons_cc0000_256x240.png]
[templates.envytheme.com/traip/default/assets/css/images/ui-icons_777777_256x240.png]
[templates.envytheme.com/traip/default/assets/css/jquery-ui.min.css]
[templates.envytheme.com/traip/default/assets/css/selectize.min.css]
[templates.envytheme.com/traip/default/assets/css/magnific-popup.min.css]
[templates.envytheme.com/traip/default/assets/fonts/icofont.woff2]
[templates.envytheme.com/traip/default/assets/css/icofont.min.css]
[templates.envytheme.com/traip/default/assets/fonts/icofont.woff]
[templates.envytheme.com/traip/default/assets/fonts/Flaticond348.ttf]
[templates.envytheme.com/traip/default/assets/fonts/Flaticond348.woff]
[templates.envytheme.com/traip/default/assets/fonts/Flaticond348.woff2]
[templates.envytheme.com/traip/default/assets/fonts/Flaticond348.eot]
[templates.envytheme.com/traip/default/assets/css/flaticon.css]
[templates.envytheme.com/traip/default/assets/fonts/Flaticond348.svg]
[templates.envytheme.com/traip/default/assets/images/bg-shape.png]
[templates.envytheme.com/traip/default/assets/images/topbar-bg.png]
[templates.envytheme.com/traip/default/assets/images/menu-hover.png]
[templates.envytheme.com/traip/default/assets/images/homepage-1/header-frame.png]
[templates.envytheme.com/traip/default/assets/images/homepage-1/header-part-5.png]
[templates.envytheme.com/traip/default/assets/images/homepage-1/header-part-4.png]
[templates.envytheme.com/traip/default/assets/images/homepage-1/header-part-3.png]
[templates.envytheme.com/traip/default/assets/images/homepage-1/header-part-2.png]
[templates.envytheme.com/traip/default/assets/images/homepage-1/header-part-1.png]
[templates.envytheme.com/traip/default/assets/images/inner-page-header/inner-page-header-1.jpg]
[templates.envytheme.com/traip/default/assets/images/inner-page-header/inner-page-header-2.jpg]
[templates.envytheme.com/traip/default/assets/images/inner-page-header/inner-page-header-3.jpg]
[templates.envytheme.com/traip/default/assets/images/inner-page-header/inner-page-header-4.jpg]
[templates.envytheme.com/traip/default/assets/images/inner-page-header/inner-page-header-5.jpg]
[templates.envytheme.com/traip/default/assets/images/inner-page-header/inner-page-header-6.jpg]
[templates.envytheme.com/traip/default/assets/images/inner-page-header/header-frame.png]
[templates.envytheme.com/traip/default/assets/images/shapes/line-grid-shape.png]
[templates.envytheme.com/traip/default/assets/images/video-bg.jpg]
[templates.envytheme.com/traip/default/assets/images/image-bg/image-bg-1.jpg]
[templates.envytheme.com/traip/default/assets/images/shapes/testimonial-bg-shape.png]
[templates.envytheme.com/traip/default/assets/images/blogs/blog-card-image-1.jpg]
[templates.envytheme.com/traip/default/assets/images/blogs/blog-0.jpg]
[templates.envytheme.com/traip/default/assets/images/blogs/blog-1.jpg]
[templates.envytheme.com/traip/default/assets/images/blogs/blog-2.jpg]
[templates.envytheme.com/traip/default/assets/images/blogs/blog-3.jpg]
[templates.envytheme.com/traip/default/assets/images/blogs/blog-4.jpg]
[templates.envytheme.com/traip/default/assets/images/blogs/blog-5.jpg]
[templates.envytheme.com/traip/default/assets/images/blogs/blog-6.jpg]
[templates.envytheme.com/traip/default/assets/images/blogs/blog-7.jpg]
[templates.envytheme.com/traip/default/assets/images/blogs/blog-8.jpg]
[templates.envytheme.com/traip/default/assets/images/blogs/blog-9.jpg]
[templates.envytheme.com/traip/default/assets/images/blogs/blog-10.jpg]
[templates.envytheme.com/traip/default/assets/images/footer-bg.png]
[templates.envytheme.com/traip/default/assets/images/contact-grid-bg.jpg]
[templates.envytheme.com/traip/default/assets/images/pattarn.png]
[templates.envytheme.com/traip/default/assets/images/homepage-3/bg-1.jpg]
[templates.envytheme.com/traip/default/assets/images/homepage-3/bg-2.jpg]
[templates.envytheme.com/traip/default/assets/images/homepage-3/bg-3.jpg]
[templates.envytheme.com/traip/default/assets/images/homepage-3/bg-4.jpg]
[templates.envytheme.com/traip/default/assets/images/homepage-3/bg-5.jpg]
[templates.envytheme.com/traip/default/assets/images/homepage-3/bg-6.jpg]
[templates.envytheme.com/traip/default/assets/css/style.css]
[templates.envytheme.com/traip/default/assets/css/responsive.css]
[templates.envytheme.com/traip/default/authentication.html]
[templates.envytheme.com/traip/default/cart.html]
[templates.envytheme.com/traip/default/assets/images/homepage-2/header-video.m4v]
[templates.envytheme.com/traip/default/assets/images/shapes/mini-shape-3.png]
[templates.envytheme.com/traip/default/assets/images/destinations/destination-1.jpg]
[templates.envytheme.com/traip/default/assets/images/destinations/destination-2.jpg]
[templates.envytheme.com/traip/default/assets/images/destinations/destination-3.jpg]
[templates.envytheme.com/traip/default/assets/images/team/team-1.jpg]
[templates.envytheme.com/traip/default/assets/images/team/team-2.jpg]
[templates.envytheme.com/traip/default/assets/images/team/team-3.jpg]
[templates.envytheme.com/traip/default/assets/images/team/team-4.jpg]
[templates.envytheme.com/traip/default/assets/images/gallery/photo-gallary-1.jpg]
[templates.envytheme.com/traip/default/assets/images/gallery/photo-gallary-2.jpg]
[templates.envytheme.com/traip/default/assets/images/gallery/photo-gallary-3.jpg]
[templates.envytheme.com/traip/default/assets/images/gallery/photo-gallary-5.mp4]
[templates.envytheme.com/traip/default/assets/images/gallery/photo-gallary-5.jpg]
[templates.envytheme.com/traip/default/assets/images/gallery/photo-gallary-6.jpg]
[templates.envytheme.com/traip/default/index-2.html]
[templates.envytheme.com/traip/default/assets/css/jquery.multiscroll.css]
[templates.envytheme.com/traip/default/assets/images/homepage-3/text-layer.png]
[templates.envytheme.com/traip/default/assets/images/shapes/mini-shape-4.png]
[templates.envytheme.com/traip/default/terms-condition.html]
[templates.envytheme.com/traip/default/assets/js/jquery.easings.min.js]
[templates.envytheme.com/traip/default/index-3.html]
[templates.envytheme.com/traip/default/assets/js/jquery.multiscroll.min.js]
[templates.envytheme.com/traip/default/assets/images/about-us-image.jpg]
[templates.envytheme.com/traip/default/about-us.html]
[templates.envytheme.com/traip/default/faqs.html]
[templates.envytheme.com/traip/default/get-in-touch.html]
[templates.envytheme.com/traip/default/assets/images/products/product-5.jpg]
[templates.envytheme.com/traip/default/assets/images/products/product-6.jpg]
[templates.envytheme.com/traip/default/assets/images/products/product-7.jpg]
[templates.envytheme.com/traip/default/assets/images/products/product-8.jpg]
[templates.envytheme.com/traip/default/assets/images/products/product-9.jpg]
[templates.envytheme.com/traip/default/assets/images/products/product-10.jpg]
[templates.envytheme.com/traip/default/assets/images/products/product-11.jpg]
[templates.envytheme.com/traip/default/assets/images/products/product-12.jpg]
[templates.envytheme.com/traip/default/products.html]
[templates.envytheme.com/traip/default/assets/images/users/user-1.jpg]
[templates.envytheme.com/traip/default/assets/images/users/user-3.jpg]
[templates.envytheme.com/traip/default/single-product.html]
[templates.envytheme.com/traip/default/checkout.html]
[templates.envytheme.com/traip/default/wishlist.html]
[templates.envytheme.com/traip/default/assets/images/destinations/destination-19.jpg]
[templates.envytheme.com/traip/default/assets/images/destinations/destination-20.jpg]
[templates.envytheme.com/traip/default/assets/images/destinations/destination-21.jpg]
[templates.envytheme.com/traip/default/assets/images/destinations/destination-22.jpg]
[templates.envytheme.com/traip/default/assets/images/destinations/destination-23.jpg]
[templates.envytheme.com/traip/default/assets/images/destinations/destination-24.jpg]
[templates.envytheme.com/traip/default/hotels.html]
[templates.envytheme.com/traip/default/single-hotel.html]
[templates.envytheme.com/traip/default/assets/images/team/team-5.jpg]
[templates.envytheme.com/traip/default/assets/images/team/team-6.jpg]
[templates.envytheme.com/traip/default/assets/images/team/team-7.jpg]
[templates.envytheme.com/traip/default/assets/images/team/team-8.jpg]
[templates.envytheme.com/traip/default/team.html]
[templates.envytheme.com/traip/default/assets/images/together.jpg]
[templates.envytheme.com/traip/default/who-we-are.html]
[templates.envytheme.com/traip/default/forget-password.html]
[templates.envytheme.com/traip/default/assets/images/user.jpg]
[templates.envytheme.com/traip/default/my-account.html]
[templates.envytheme.com/traip/default/my-orders.html]
[templates.envytheme.com/traip/default/my-addresses.html]
[templates.envytheme.com/traip/default/assets/images/404.png]
[templates.envytheme.com/traip/default/404.html]
[templates.envytheme.com/traip/default/coming-soon-page.html]
[templates.envytheme.com/traip/default/assets/images/terms.jpg]
[templates.envytheme.com/traip/default/terms-conditions.html]
[templates.envytheme.com/traip/default/assets/images/privacy-policy.jpg]
[templates.envytheme.com/traip/default/privacy-policy.html]
[templates.envytheme.com/traip/default/search-page.html]
[templates.envytheme.com/traip/default/assets/images/destinations/destination-4.jpg]
[templates.envytheme.com/traip/default/assets/images/destinations/destination-5.jpg]
[templates.envytheme.com/traip/default/assets/images/destinations/destination-6.jpg]
[templates.envytheme.com/traip/default/assets/images/destinations/destination-7.jpg]
[templates.envytheme.com/traip/default/assets/images/destinations/destination-8.jpg]
[templates.envytheme.com/traip/default/assets/images/destinations/destination-9.jpg]
[templates.envytheme.com/traip/default/assets/images/destinations/destination-10.jpg]
[templates.envytheme.com/traip/default/assets/images/destinations/destination-11.jpg]
[templates.envytheme.com/traip/default/assets/images/destinations/destination-12.jpg]
[templates.envytheme.com/traip/default/assets/images/destinations/destination-13.jpg]
[templates.envytheme.com/traip/default/assets/images/destinations/destination-14.jpg]
[templates.envytheme.com/traip/default/assets/images/destinations/destination-15.jpg]
[templates.envytheme.com/traip/default/destination.html]
[templates.envytheme.com/traip/default/assets/images/destinations/destination-lg-1.jpg]
[templates.envytheme.com/traip/default/assets/images/destinations/destination-grid-1.jpg]
[templates.envytheme.com/traip/default/assets/images/destinations/destination-grid-2.jpg]
[templates.envytheme.com/traip/default/assets/images/destinations/destination-grid-3.jpg]
[templates.envytheme.com/traip/default/assets/images/destinations/destination-grid-4.jpg]
[templates.envytheme.com/traip/default/assets/images/destinations/destination-grid-5.jpg]
[templates.envytheme.com/traip/default/single-destination.html]
[templates.envytheme.com/traip/default/assets/images/tours/tour-1.jpg]
[templates.envytheme.com/traip/default/assets/images/tours/tour-2.jpg]
[templates.envytheme.com/traip/default/assets/images/tours/tour-3.jpg]
[templates.envytheme.com/traip/default/assets/images/tours/tour-4.jpg]
[templates.envytheme.com/traip/default/assets/images/tours/tour-5.jpg]
[templates.envytheme.com/traip/default/assets/images/tours/tour-6.jpg]
[templates.envytheme.com/traip/default/tour.html]
[templates.envytheme.com/traip/default/single-tour.html]
[templates.envytheme.com/traip/default/assets/images/blogs/blog-lg-3.jpg]
[templates.envytheme.com/traip/default/assets/images/blogs/blog-lg-4.jpg]
[templates.envytheme.com/traip/default/assets/images/blogs/blog-lg-1.jpg]
[templates.envytheme.com/traip/default/assets/images/blogs/blog-lg-2.jpg]
[templates.envytheme.com/traip/default/assets/images/blogs/blog-lg-5.jpg]
[templates.envytheme.com/traip/default/assets/images/blogs/blog-lg-6.jpg]
[templates.envytheme.com/traip/default/assets/images/blogs/blog-lg-7.jpg]
[templates.envytheme.com/traip/default/assets/images/blogs/blog-lg-8.jpg]
[templates.envytheme.com/traip/default/assets/images/blogs/blog-lg-9.jpg]
[templates.envytheme.com/traip/default/assets/images/blogs/blog-lg-10.jpg]
[templates.envytheme.com/traip/default/assets/images/blogs/blog-lg-11.jpg]
[templates.envytheme.com/traip/default/assets/images/blogs/blog-lg-12.jpg]
[templates.envytheme.com/traip/default/assets/images/blogs/blog-lg-13.jpg]
[templates.envytheme.com/traip/default/assets/images/blogs/blog-lg-14.jpg]
[templates.envytheme.com/traip/default/assets/images/blogs/blog-lg-15.jpg]
[templates.envytheme.com/traip/default/assets/images/blogs/blog-lg-16.jpg]
[templates.envytheme.com/traip/default/blogs-two-column.html]
[templates.envytheme.com/traip/default/blogs-full.html]
[templates.envytheme.com/traip/default/assets/images/blogs/blog-details-lg-1.jpg]
[templates.envytheme.com/traip/default/assets/images/users/user-2.jpg]
[templates.envytheme.com/traip/default/single-blog.html]
[templates.envytheme.com/traip/default/contact.html]
[templates.envytheme.com/traip/default/assets/css/owl.video.play.html]
[templates.envytheme.com/traip/default/assets/css/images/ui-icons_444444_256x240.html]
[templates.envytheme.com/traip/default/assets/css/images/ui-icons_555555_256x240.html]
[templates.envytheme.com/traip/default/assets/css/images/ui-icons_ffffff_256x240.html]
[templates.envytheme.com/traip/default/assets/css/images/ui-icons_777620_256x240.html]
[templates.envytheme.com/traip/default/assets/css/images/ui-icons_cc0000_256x240.html]
[templates.envytheme.com/traip/default/assets/css/images/ui-icons_777777_256x240.html]
[templates.envytheme.com/traip/default/assets/fonts/Flaticond348.svg]
[templates.envytheme.com/traip/default/assets/images/bg-shape.html]
[templates.envytheme.com/traip/default/assets/images/blogs/blog-0.html]
[templates.envytheme.com/traip/default/assets/images/blogs/blog-9.html]
[templates.envytheme.com/traip/default/assets/images/blogs/blog-10.html]
[templates.envytheme.com/traip/default/assets/css/jquery.multiscroll.css]
[templates.envytheme.com/traip/default/terms-condition.html]
